1337.000000
42.000000
300.000000
2674.000000
84.000000
600.000000
2674.000000
84.000000
600.000000
0.500000
0.500000
0.500000
