0.010000
0.100000
1.000000
10.000000
1000.000000
10000.000000
