1337.000000
2674.000000
4011.000000
5348.000000
1337.000000
2674.000000
4011.000000
5348.000000
