42.000000
84.000000
126.000000
42.000000
84.000000
126.000000
56154.000000
1764.000000
12600.000000
42.000000
0.000000
0.000000
0.000000
42.000000
0.000000
0.000000
0.000000
42.000000
