2674.000000
84.000000
600.000000
5348.000000
168.000000
1200.000000
5348.000000
168.000000
1200.000000
1.000000
1.000000
1.000000
