int main()
{
  u8[] file = read_file("./tests/test-io.mc");
  print(file);
  return 0;
}
